Archive member included to satisfy reference by file (symbol)

/opt/microchip/xc8/v3.00/avr/bin/../lib/gcc/avr/5.4.0/avrxmega4/memx-const/libgcc.a(_udivmodsi4.o)
                              CMakeFiles/Session3_ADC_OLED_1_default_default_XC8_compile.dir/home/august/Git/avrkurs/Session3/ADC-OLED.X/graphics.c.o (__udivmodsi4)
/opt/microchip/xc8/v3.00/avr/bin/../lib/gcc/avr/5.4.0/avrxmega4/memx-const/libgcc.a(_copy_data.o)
                              CMakeFiles/Session3_ADC_OLED_1_default_default_XC8_compile.dir/home/august/Git/avrkurs/Session3/ADC-OLED.X/graphics.c.o (__do_copy_data)
/opt/microchip/xc8/v3.00/avr/bin/../lib/gcc/avr/5.4.0/avrxmega4/memx-const/libgcc.a(_umulhisi3.o)
                              CMakeFiles/Session3_ADC_OLED_1_default_default_XC8_compile.dir/home/august/Git/avrkurs/Session3/ADC-OLED.X/graphics.c.o (__umulhisi3)
/opt/microchip/xc8/v3.00/avr/bin/../lib/gcc/avr/5.4.0/../../../../avr/lib/avrxmega4/memx-const/libc.a(exit.o)
                              /home/august/.mchp_packs/Microchip/AVR-Dx_DFP/2.3.272/xc8/avr/lib/avrxmega4/memx-const/crtavr128db48.o (exit)
/opt/microchip/xc8/v3.00/avr/bin/../lib/gcc/avr/5.4.0/../../../../avr/lib/avrxmega4/memx-const/libc.a(fwrite.o)
                              CMakeFiles/Session3_ADC_OLED_1_default_default_XC8_compile.dir/home/august/Git/avrkurs/Session3/ADC-OLED.X/main.c.o (fwrite)
/opt/microchip/xc8/v3.00/avr/bin/../lib/gcc/avr/5.4.0/../../../../avr/lib/avrxmega4/memx-const/libc.a(vfprintf.o)
                              CMakeFiles/Session3_ADC_OLED_1_default_default_XC8_compile.dir/home/august/Git/avrkurs/Session3/ADC-OLED.X/graphics.c.o (vfprintf)
/opt/microchip/xc8/v3.00/avr/bin/../lib/gcc/avr/5.4.0/../../../../avr/lib/avrxmega4/memx-const/libc.a(memset.o)
                              CMakeFiles/Session3_ADC_OLED_1_default_default_XC8_compile.dir/home/august/Git/avrkurs/Session3/ADC-OLED.X/oled.c.o (memset)
/opt/microchip/xc8/v3.00/avr/bin/../lib/gcc/avr/5.4.0/../../../../avr/lib/avrxmega4/memx-const/libc.a(_Exit.o)
                              /opt/microchip/xc8/v3.00/avr/bin/../lib/gcc/avr/5.4.0/../../../../avr/lib/avrxmega4/memx-const/libc.a(exit.o) (_Exit)
/opt/microchip/xc8/v3.00/avr/bin/../lib/gcc/avr/5.4.0/../../../../avr/lib/avrxmega4/memx-const/libc.a(__io_fmt_needed.o)
                              /opt/microchip/xc8/v3.00/avr/bin/../lib/gcc/avr/5.4.0/../../../../avr/lib/avrxmega4/memx-const/libc.a(vfprintf.o) (__io_fmt_needed)
/opt/microchip/xc8/v3.00/avr/bin/../lib/gcc/avr/5.4.0/../../../../avr/lib/avrxmega4/memx-const/libc.a(__pop_int.o)
                              /opt/microchip/xc8/v3.00/avr/bin/../lib/gcc/avr/5.4.0/../../../../avr/lib/avrxmega4/memx-const/libc.a(__io_fmt_needed.o) (__pop_int_needed)
/opt/microchip/xc8/v3.00/avr/bin/../lib/gcc/avr/5.4.0/../../../../avr/lib/avrxmega4/memx-const/libc.a(__pop_ptr.o)
                              /opt/microchip/xc8/v3.00/avr/bin/../lib/gcc/avr/5.4.0/../../../../avr/lib/avrxmega4/memx-const/libc.a(__io_fmt_needed.o) (__pop_ptr_needed)
/opt/microchip/xc8/v3.00/avr/bin/../lib/gcc/avr/5.4.0/../../../../avr/lib/avrxmega4/memx-const/libc.a(__printf_core.o)
                              /opt/microchip/xc8/v3.00/avr/bin/../lib/gcc/avr/5.4.0/../../../../avr/lib/avrxmega4/memx-const/libc.a(vfprintf.o) (__printf_core)
/opt/microchip/xc8/v3.00/avr/bin/../lib/gcc/avr/5.4.0/../../../../avr/lib/avrxmega4/memx-const/libc.a(fputc.o)
                              /opt/microchip/xc8/v3.00/avr/bin/../lib/gcc/avr/5.4.0/../../../../avr/lib/avrxmega4/memx-const/libc.a(__printf_core.o) (fputc)
/opt/microchip/xc8/v3.00/avr/bin/../lib/gcc/avr/5.4.0/../../../../avr/lib/avrxmega4/memx-const/libc.a(__fmt_a.o)
                              /opt/microchip/xc8/v3.00/avr/bin/../lib/gcc/avr/5.4.0/../../../../avr/lib/avrxmega4/memx-const/libc.a(__io_fmt_needed.o) (__fmt_a_needed)
/opt/microchip/xc8/v3.00/avr/bin/../lib/gcc/avr/5.4.0/../../../../avr/lib/avrxmega4/memx-const/libc.a(__pop_float.o)
                              /opt/microchip/xc8/v3.00/avr/bin/../lib/gcc/avr/5.4.0/../../../../avr/lib/avrxmega4/memx-const/libc.a(__io_fmt_needed.o) (__pop_float_needed)
/opt/microchip/xc8/v3.00/avr/bin/../lib/gcc/avr/5.4.0/../../../../avr/lib/avrxmega4/memx-const/libc.a(strcpy.o)
                              /opt/microchip/xc8/v3.00/avr/bin/../lib/gcc/avr/5.4.0/../../../../avr/lib/avrxmega4/memx-const/libc.a(__fmt_a.o) (strcpy)
/opt/microchip/xc8/v3.00/avr/bin/../lib/gcc/avr/5.4.0/../../../../avr/lib/avrxmega4/memx-const/libc.a(strlen.o)
                              /opt/microchip/xc8/v3.00/avr/bin/../lib/gcc/avr/5.4.0/../../../../avr/lib/avrxmega4/memx-const/libc.a(__fmt_a.o) (strlen)
/opt/microchip/xc8/v3.00/avr/bin/../lib/gcc/avr/5.4.0/../../../../avr/lib/avrxmega4/memx-const/libc.a(__printf_64bit_arg_support.o)
                              /opt/microchip/xc8/v3.00/avr/bin/../lib/gcc/avr/5.4.0/../../../../avr/lib/avrxmega4/memx-const/libc.a(__io_fmt_needed.o) (__need_printf_64bit_arg_support)
[...]
Memory Configuration

Name             Origin             Length             Attributes
text             0x0000000000000000 0x0000000000020000 xr
data             0x0000000000804000 0x0000000000004000 rw !x
eeprom           0x0000000000810000 0x0000000000000200 rw !x
fuse             0x0000000000820000 0x0000000000000010 rw !x
lock             0x0000000000830000 0x0000000000000400 rw !x
signature        0x0000000000840000 0x0000000000000400 rw !x
user_signatures  0x0000000000850000 0x0000000000000400 rw !x
bootrow          0x0000000000860000 0x0000000000000400 rw !x
*default*        0x0000000000000000 0xffffffffffffffff

Linker script and memory map

Address of section .data set to 0x804000
                0x0000000000008000                __RODATA_PM_OFFSET__ = 0x8000
LOAD /home/august/.mchp_packs/Microchip/AVR-Dx_DFP/2.3.272/xc8/avr/lib/avrxmega4/memx-const/crtavr128db48.o
                0x0000000000000001                __MPLAB_BUILD = 0x1
                0x0000000000000001                __MPLAB_DEBUG = 0x1
                0x0000000000000001                __DEBUG = 0x1
LOAD CMakeFiles/Session3_ADC_OLED_1_default_default_XC8_compile.dir/home/august/Git/avrkurs/Session3/ADC-OLED.X/adc.c.o
LOAD CMakeFiles/Session3_ADC_OLED_1_default_default_XC8_compile.dir/home/august/Git/avrkurs/Session3/ADC-OLED.X/fonts.c.o
LOAD CMakeFiles/Session3_ADC_OLED_1_default_default_XC8_compile.dir/home/august/Git/avrkurs/Session3/ADC-OLED.X/graphics.c.o
LOAD CMakeFiles/Session3_ADC_OLED_1_default_default_XC8_compile.dir/home/august/Git/avrkurs/Session3/ADC-OLED.X/main.c.o
LOAD CMakeFiles/Session3_ADC_OLED_1_default_default_XC8_compile.dir/home/august/Git/avrkurs/Session3/ADC-OLED.X/oled.c.o
LOAD CMakeFiles/Session3_ADC_OLED_1_default_default_XC8_compile.dir/home/august/Git/avrkurs/Session3/ADC-OLED.X/spi.c.o
LOAD CMakeFiles/Session3_ADC_OLED_1_default_default_XC8_compile.dir/home/august/Git/avrkurs/Session3/ADC-OLED.X/twi.c.o
START GROUP
LOAD /opt/microchip/xc8/v3.00/avr/bin/../lib/gcc/avr/5.4.0/avrxmega4/memx-const/libgcc.a
LOAD /opt/microchip/xc8/v3.00/avr/bin/../lib/gcc/avr/5.4.0/../../../../avr/lib/avrxmega4/memx-const/libm.a
LOAD /opt/microchip/xc8/v3.00/avr/bin/../lib/gcc/avr/5.4.0/../../../../avr/lib/avrxmega4/memx-const/libc.a
LOAD /home/august/.mchp_packs/Microchip/AVR-Dx_DFP/2.3.272/xc8/avr/lib/avrxmega4/memx-const/libavr128db48.a
END GROUP
                [0x0000000000000000]                __TEXT_REGION_ORIGIN__ = DEFINED (__TEXT_REGION_ORIGIN__)?__TEXT_REGION_ORIGIN__:0x0
                [0x0000000000804000]                __DATA_REGION_ORIGIN__ = DEFINED (__DATA_REGION_ORIGIN__)?__DATA_REGION_ORIGIN__:0x802000
                [0x0000000000020000]                __TEXT_REGION_LENGTH__ = DEFINED (__TEXT_REGION_LENGTH__)?__TEXT_REGION_LENGTH__:0x100000
                [0x0000000000004000]                __DATA_REGION_LENGTH__ = DEFINED (__DATA_REGION_LENGTH__)?__DATA_REGION_LENGTH__:0xffa0
                [0x0000000000000200]                __EEPROM_REGION_LENGTH__ = DEFINED (__EEPROM_REGION_LENGTH__)?__EEPROM_REGION_LENGTH__:0x10000
                [0x0000000000000010]                __FUSE_REGION_LENGTH__ = DEFINED (__FUSE_REGION_LENGTH__)?__FUSE_REGION_LENGTH__:0x400
                0x0000000000000400                __LOCK_REGION_LENGTH__ = DEFINED (__LOCK_REGION_LENGTH__)?__LOCK_REGION_LENGTH__:0x400
                0x0000000000000400                __SIGNATURE_REGION_LENGTH__ = DEFINED (__SIGNATURE_REGION_LENGTH__)?__SIGNATURE_REGION_LENGTH__:0x400
                0x0000000000000400                __USER_SIGNATURE_REGION_LENGTH__ = DEFINED (__USER_SIGNATURE_REGION_LENGTH__)?__USER_SIGNATURE_REGION_LENGTH__:0x400
                0x0000000000000400                __BOOTROW_REGION_LENGTH__ = DEFINED (__BOOTROW_REGION_LENGTH__)?__BOOTROW_REGION_LENGTH__:0x400

.hash
 *(.hash)

.dynsym
 *(.dynsym)

.dynstr
 *(.dynstr)

.gnu.version
 *(.gnu.version)

.gnu.version_d
 *(.gnu.version_d)

.gnu.version_r
 *(.gnu.version_r)

.rel.init
 *(.rel.init)

.rela.init
 *(.rela.init)

.rel.text
 *(.rel.text)
 *(.rel.text.*)
 *(.rel.gnu.linkonce.t*)

.rela.text
 *(.rela.text)
 *(.rela.text.*)
 *(.rela.gnu.linkonce.t*)

.rel.fini
 *(.rel.fini)

.rela.fini
 *(.rela.fini)

.rel.rodata
 *(.rel.rodata)
 *(.rel.rodata.*)
 *(.rel.gnu.linkonce.r*)

.rela.rodata
 *(.rela.rodata)
 *(.rela.rodata.*)
 *(.rela.gnu.linkonce.r*)

.rel.data
 *(.rel.data)
 *(.rel.data.*)
 *(.rel.gnu.linkonce.d*)

.rela.data
 *(.rela.data)
 *(.rela.data.*)
 *(.rela.gnu.linkonce.d*)

.rel.ctors
 *(.rel.ctors)

.rela.ctors
 *(.rela.ctors)

.rel.dtors
 *(.rel.dtors)

.rela.dtors
 *(.rela.dtors)

.rel.got
 *(.rel.got)

.rela.got
 *(.rela.got)

.rel.bss
 *(.rel.bss)

.rela.bss
 *(.rela.bss)

.rel.plt
 *(.rel.plt)

.rela.plt
 *(.rela.plt)

.text           0x0000000000000000      0x15e
 *(.vectors)
 .vectors       0x0000000000000000       0xf4 /home/august/.mchp_packs/Microchip/AVR-Dx_DFP/2.3.272/xc8/avr/lib/avrxmega4/memx-const/crtavr128db48.o
                0x0000000000000000                __vectors
                0x0000000000000000                __vector_default
 *(.vectors)
 *(.progmem.gcc*)
 *(.dinit)
 .dinit         0x00000000000000f4       0x11 data_init
                0x0000000000000106                . = ALIGN (0x2)
 *fill*         0x0000000000000105        0x1 
                0x0000000000000106                __trampolines_start = .
 *(.trampolines)
 .trampolines   0x0000000000000106        0x0 linker stubs
 *(.trampolines*)
                0x0000000000000106                __trampolines_end = .
 *libprintf_flt.a:*(.progmem.data)
 *libc.a:*(.progmem.data)
                0x0000000000000106                . = ALIGN (0x2)
 *(.jumptables)
 *(.jumptables*)
 *(.lowtext)
 *(.lowtext*)
                0x0000000000000106                __ctors_start = .
 *(.ctors)
                0x0000000000000106                __ctors_end = .
                0x0000000000000106                __dtors_start = .
 *(.dtors)
                0x0000000000000106                __dtors_end = .
 SORT(*)(.ctors)
 SORT(*)(.dtors)
 *(.init0)
 .init0         0x0000000000000106        0x0 /home/august/.mchp_packs/Microchip/AVR-Dx_DFP/2.3.272/xc8/avr/lib/avrxmega4/memx-const/crtavr128db48.o
                0x0000000000000106                __init
 *(.init0)
 *(.init1)
 *(.init1)
 *(.init2)
 .init2         0x0000000000000106        0xc /home/august/.mchp_packs/Microchip/AVR-Dx_DFP/2.3.272/xc8/avr/lib/avrxmega4/memx-const/crtavr128db48.o
 *(.init2)
 *(.init3)
 *(.init3)
 *(.init4)
 .init4         0x0000000000000112       0x40 /opt/microchip/xc8/v3.00/avr/bin/../lib/gcc/avr/5.4.0/avrxmega4/memx-const/libgcc.a(_copy_data.o)
                0x0000000000000112                __do_copy_data
                0x0000000000000144                __do_clear_bss
 *(.init4)
 *(.init5)
 *(.init5)
 *(.init6)
 *(.init6)
 *(.init7)
 *(.init7)
 *(.init8)
 *(.init8)
 *(.init9)
 .init9         0x0000000000000152        0x8 /home/august/.mchp_packs/Microchip/AVR-Dx_DFP/2.3.272/xc8/avr/lib/avrxmega4/memx-const/crtavr128db48.o
 *(.init9)
                0x000000000000015a                . = ALIGN (0x2)
 *(.fini9)
 .fini9         0x000000000000015a        0x0 /opt/microchip/xc8/v3.00/avr/bin/../lib/gcc/avr/5.4.0/avrxmega4/memx-const/libgcc.a(_exit.o)
                0x000000000000015a                _exit
 *(.fini9)
 *(.fini8)
 *(.fini8)
 *(.fini7)
 *(.fini7)
 *(.fini6)
 *(.fini6)
 *(.fini5)
 *(.fini5)
 *(.fini4)
 *(.fini4)
 *(.fini3)
 *(.fini3)
 *(.fini2)
 *(.fini2)
 *(.fini1)
 *(.fini1)
 *(.fini0)
 .fini0         0x000000000000015a        0x4 /opt/microchip/xc8/v3.00/avr/bin/../lib/gcc/avr/5.4.0/avrxmega4/memx-const/libgcc.a(_exit.o)
 *(.fini0)
                0x000000000000015e                _etext = .

.data           0x0000000000804000        0x0 load address 0x000000000000015e
                [!provide]                        PROVIDE (__data_start, .)
 *(.gnu.linkonce.d*)
 *(.gnu.linkonce.r*)
                0x0000000000804000                . = ALIGN (0x2)
                0x0000000000804000                _edata = .
                [!provide]                        PROVIDE (__data_end, .)

.bss            0x0000000000804000        0x2
                [!provide]                        PROVIDE (__bss_start, .)
 *(COMMON)
 COMMON         0x0000000000804000        0x2 /opt/microchip/xc8/v3.00/avr/bin/../lib/gcc/avr/5.4.0/../../../../avr/lib/avrxmega4/memx-const/libc.a(errno.o)
                0x0000000000804000                __errno_val
                [!provide]                        PROVIDE (__bss_end, .)
                0x000000000000015e                __data_load_start = LOADADDR (.data)
                0x000000000000015e                __data_load_end = (__data_load_start + SIZEOF (.data))

.noinit         0x0000000000804002        0x0
                [!provide]                        PROVIDE (__noinit_start, .)
 *(.noinit*)
                [!provide]                        PROVIDE (__noinit_end, .)
                0x0000000000804002                _end = .

.eeprom         0x0000000000810000        0x0
 *(.eeprom*)
                0x0000000000810000                __eeprom_end = .

.fuse
 *(.fuse)
 *(.lfuse)
 *(.hfuse)
 *(.efuse)

.lock
 *(.lock*)

.signature
 *(.signature*)

.user_signatures
 *(.user_signatures*)

.bootrow
 *(.bootrow*)

.stab
 *(.stab)

.stabstr
 *(.stabstr)

.stab.excl
 *(.stab.excl)

.stab.exclstr
 *(.stab.exclstr)

.stab.index
 *(.stab.index)

.stab.indexstr
 *(.stab.indexstr)

.comment        0x0000000000000000       0x5b
 *(.comment)
 .comment       0x0000000000000000       0x2f CMakeFiles/Session3_ADC_OLED_1_default_default_XC8_compile.dir/home/august/Git/avrkurs/Session3/ADC-OLED.X/adc.c.o
                                         0x30 (size before relaxing)
 .comment       0x000000000000002f       0x30 CMakeFiles/Session3_ADC_OLED_1_default_default_XC8_compile.dir/home/august/Git/avrkurs/Session3/ADC-OLED.X/fonts.c.o
 .comment       0x000000000000002f       0x30 CMakeFiles/Session3_ADC_OLED_1_default_default_XC8_compile.dir/home/august/Git/avrkurs/Session3/ADC-OLED.X/graphics.c.o
 .comment       0x000000000000002f       0x30 CMakeFiles/Session3_ADC_OLED_1_default_default_XC8_compile.dir/home/august/Git/avrkurs/Session3/ADC-OLED.X/main.c.o
 .comment       0x000000000000002f       0x30 CMakeFiles/Session3_ADC_OLED_1_default_default_XC8_compile.dir/home/august/Git/avrkurs/Session3/ADC-OLED.X/oled.c.o
 .comment       0x000000000000002f       0x30 CMakeFiles/Session3_ADC_OLED_1_default_default_XC8_compile.dir/home/august/Git/avrkurs/Session3/ADC-OLED.X/twi.c.o
 .comment       0x000000000000002f       0x2c /opt/microchip/xc8/v3.00/avr/bin/../lib/gcc/avr/5.4.0/../../../../avr/lib/avrxmega4/memx-const/libc.a(exit.o)
                                         0x2d (size before relaxing)
 .comment       0x000000000000005b       0x2d /opt/microchip/xc8/v3.00/avr/bin/../lib/gcc/avr/5.4.0/../../../../avr/lib/avrxmega4/memx-const/libc.a(fwrite.o)
 .comment       0x000000000000005b       0x2d /opt/microchip/xc8/v3.00/avr/bin/../lib/gcc/avr/5.4.0/../../../../avr/lib/avrxmega4/memx-const/libc.a(vfprintf.o)
 .comment       0x000000000000005b       0x2d /opt/microchip/xc8/v3.00/avr/bin/../lib/gcc/avr/5.4.0/../../../../avr/lib/avrxmega4/memx-const/libc.a(memset.o)
 .comment       0x000000000000005b       0x2d /opt/microchip/xc8/v3.00/avr/bin/../lib/gcc/avr/5.4.0/../../../../avr/lib/avrxmega4/memx-const/libc.a(_Exit.o)
 .comment       0x000000000000005b       0x2d /opt/microchip/xc8/v3.00/avr/bin/../lib/gcc/avr/5.4.0/../../../../avr/lib/avrxmega4/memx-const/libc.a(__printf_core.o)
 .comment       0x000000000000005b       0x2d /opt/microchip/xc8/v3.00/avr/bin/../lib/gcc/avr/5.4.0/../../../../avr/lib/avrxmega4/memx-const/libc.a(fputc.o)
 .comment       0x000000000000005b       0x2d /opt/microchip/xc8/v3.00/avr/bin/../lib/gcc/avr/5.4.0/../../../../avr/lib/avrxmega4/memx-const/libc.a(__fmt_a.o)
 .comment       0x000000000000005b       0x2d /opt/microchip/xc8/v3.00/avr/bin/../lib/gcc/avr/5.4.0/../../../../avr/lib/avrxmega4/memx-const/libc.a(__pop_float.o)
 .comment       0x000000000000005b       0x2d /opt/microchip/xc8/v3.00/avr/bin/../lib/gcc/avr/5.4.0/../../../../avr/lib/avrxmega4/memx-const/libc.a(strcpy.o)
 .comment       0x000000000000005b       0x2d /opt/microchip/xc8/v3.00/avr/bin/../lib/gcc/avr/5.4.0/../../../../avr/lib/avrxmega4/memx-const/libc.a(strlen.o)
 .comment       0x000000000000005b       0x2d /opt/microchip/xc8/v3.00/avr/bin/../lib/gcc/avr/5.4.0/../../../../avr/lib/avrxmega4/memx-const/libc.a(__printf_64bit_arg_support.o)
 .comment       0x000000000000005b       0x2d /opt/microchip/xc8/v3.00/avr/bin/../lib/gcc/avr/5.4.0/../../../../avr/lib/avrxmega4/memx-const/libc.a(tolower.o)
 .comment       0x000000000000005b       0x2d /opt/microchip/xc8/v3.00/avr/bin/../lib/gcc/avr/5.4.0/../../../../avr/lib/avrxmega4/memx-const/libc.a(toupper.o)
 .comment       0x000000000000005b       0x2d /opt/microchip/xc8/v3.00/avr/bin/../lib/gcc/avr/5.4.0/../../../../avr/lib/avrxmega4/memx-const/libc.a(errno.o)
 .comment       0x000000000000005b       0x2d /opt/microchip/xc8/v3.00/avr/bin/../lib/gcc/avr/5.4.0/../../../../avr/lib/avrxmega4/memx-const/libc.a(__fmt_fp.o)
 .comment       0x000000000000005b       0x2d /opt/microchip/xc8/v3.00/avr/bin/../lib/gcc/avr/5.4.0/../../../../avr/lib/avrxmega4/memx-const/libc.a(__fmt_s.o)
 .comment       0x000000000000005b       0x2d /opt/microchip/xc8/v3.00/avr/bin/../lib/gcc/avr/5.4.0/../../../../avr/lib/avrxmega4/memx-const/libm.a(floorf.o)

.stack.descriptors.hdr
                0x0000000000000000      0x292
 .stack.descriptors.hdr
                0x0000000000000000        0xe /opt/microchip/xc8/v3.00/avr/bin/../lib/gcc/avr/5.4.0/avrxmega4/memx-const/libgcc.a(_udivmodsi4.o)
 .stack.descriptors.hdr
                0x000000000000000e        0xe /opt/microchip/xc8/v3.00/avr/bin/../lib/gcc/avr/5.4.0/avrxmega4/memx-const/libgcc.a(_umulhisi3.o)
 .stack.descriptors.hdr
                0x000000000000001c        0xe /opt/microchip/xc8/v3.00/avr/bin/../lib/gcc/avr/5.4.0/../../../../avr/lib/avrxmega4/memx-const/libc.a(exit.o)
 .stack.descriptors.hdr
                0x000000000000002a        0xe /opt/microchip/xc8/v3.00/avr/bin/../lib/gcc/avr/5.4.0/../../../../avr/lib/avrxmega4/memx-const/libc.a(fwrite.o)
 .stack.descriptors.hdr
                0x0000000000000038        0xe /opt/microchip/xc8/v3.00/avr/bin/../lib/gcc/avr/5.4.0/../../../../avr/lib/avrxmega4/memx-const/libc.a(vfprintf.o)
 .stack.descriptors.hdr
                0x0000000000000046        0xe /opt/microchip/xc8/v3.00/avr/bin/../lib/gcc/avr/5.4.0/../../../../avr/lib/avrxmega4/memx-const/libc.a(memset.o)
 .stack.descriptors.hdr
                0x0000000000000054        0xe /opt/microchip/xc8/v3.00/avr/bin/../lib/gcc/avr/5.4.0/../../../../avr/lib/avrxmega4/memx-const/libc.a(_Exit.o)
 .stack.descriptors.hdr
                0x0000000000000062        0xe /opt/microchip/xc8/v3.00/avr/bin/../lib/gcc/avr/5.4.0/../../../../avr/lib/avrxmega4/memx-const/libc.a(__printf_core.o)
 .stack.descriptors.hdr
                0x0000000000000070        0xe /opt/microchip/xc8/v3.00/avr/bin/../lib/gcc/avr/5.4.0/../../../../avr/lib/avrxmega4/memx-const/libc.a(fputc.o)
 .stack.descriptors.hdr
                0x000000000000007e        0xe /opt/microchip/xc8/v3.00/avr/bin/../lib/gcc/avr/5.4.0/../../../../avr/lib/avrxmega4/memx-const/libc.a(__fmt_a.o)
 .stack.descriptors.hdr
                0x000000000000008c        0xe /opt/microchip/xc8/v3.00/avr/bin/../lib/gcc/avr/5.4.0/../../../../avr/lib/avrxmega4/memx-const/libc.a(__pop_float.o)
 .stack.descriptors.hdr
                0x000000000000009a        0xe /opt/microchip/xc8/v3.00/avr/bin/../lib/gcc/avr/5.4.0/../../../../avr/lib/avrxmega4/memx-const/libc.a(strcpy.o)
 .stack.descriptors.hdr
                0x00000000000000a8        0xe /opt/microchip/xc8/v3.00/avr/bin/../lib/gcc/avr/5.4.0/../../../../avr/lib/avrxmega4/memx-const/libc.a(strlen.o)
 .stack.descriptors.hdr
                0x00000000000000b6        0xe /opt/microchip/xc8/v3.00/avr/bin/../lib/gcc/avr/5.4.0/../../../../avr/lib/avrxmega4/memx-const/libc.a(__printf_64bit_arg_support.o)
 .stack.descriptors.hdr
                0x00000000000000c4        0xe /opt/microchip/xc8/v3.00/avr/bin/../lib/gcc/avr/5.4.0/../../../../avr/lib/avrxmega4/memx-const/libc.a(tolower.o)
 .stack.descriptors.hdr
                0x00000000000000d2        0xe /opt/microchip/xc8/v3.00/avr/bin/../lib/gcc/avr/5.4.0/../../../../avr/lib/avrxmega4/memx-const/libc.a(toupper.o)
 .stack.descriptors.hdr
                0x00000000000000e0        0xe /opt/microchip/xc8/v3.00/avr/bin/../lib/gcc/avr/5.4.0/../../../../avr/lib/avrxmega4/memx-const/libc.a(errno.o)
 .stack.descriptors.hdr
                0x00000000000000ee        0xe /opt/microchip/xc8/v3.00/avr/bin/../lib/gcc/avr/5.4.0/../../../../avr/lib/avrxmega4/memx-const/libc.a(__fmt_fp.o)
 .stack.descriptors.hdr
                0x00000000000000fc        0xe /opt/microchip/xc8/v3.00/avr/bin/../lib/gcc/avr/5.4.0/../../../../avr/lib/avrxmega4/memx-const/libc.a(__fmt_s.o)
 .stack.descriptors.hdr
                0x000000000000010a        0xe /opt/microchip/xc8/v3.00/avr/bin/../lib/gcc/avr/5.4.0/avrxmega4/memx-const/libgcc.a(_divmodhi4.o)
 .stack.descriptors.hdr
                0x0000000000000118        0xe /opt/microchip/xc8/v3.00/avr/bin/../lib/gcc/avr/5.4.0/avrxmega4/memx-const/libgcc.a(_exit.o)
 .stack.descriptors.hdr
                0x0000000000000126        0xe /opt/microchip/xc8/v3.00/avr/bin/../lib/gcc/avr/5.4.0/avrxmega4/memx-const/libgcc.a(_udivdi3.o)
 .stack.descriptors.hdr
                0x0000000000000134        0xe /opt/microchip/xc8/v3.00/avr/bin/../lib/gcc/avr/5.4.0/avrxmega4/memx-const/libgcc.a(_udivmod64.o)
 .stack.descriptors.hdr
                0x0000000000000142        0xe /opt/microchip/xc8/v3.00/avr/bin/../lib/gcc/avr/5.4.0/avrxmega4/memx-const/libgcc.a(_negdi2.o)
 .stack.descriptors.hdr
                0x0000000000000150        0xe /opt/microchip/xc8/v3.00/avr/bin/../lib/gcc/avr/5.4.0/avrxmega4/memx-const/libgcc.a(_xload_1.o)
 .stack.descriptors.hdr
                0x000000000000015e        0xe /opt/microchip/xc8/v3.00/avr/bin/../lib/gcc/avr/5.4.0/avrxmega4/memx-const/libgcc.a(_ashrdi3.o)
 .stack.descriptors.hdr
                0x000000000000016c        0xe /opt/microchip/xc8/v3.00/avr/bin/../lib/gcc/avr/5.4.0/avrxmega4/memx-const/libgcc.a(_cmpdi2_s8.o)
 .stack.descriptors.hdr
                0x000000000000017a        0xe /opt/microchip/xc8/v3.00/avr/bin/../lib/gcc/avr/5.4.0/avrxmega4/memx-const/libgcc.a(_udivmodhi4.o)
 .stack.descriptors.hdr
                0x0000000000000188        0xe /opt/microchip/xc8/v3.00/avr/bin/../lib/gcc/avr/5.4.0/../../../../avr/lib/avrxmega4/memx-const/libm.a(addsf3.o)
 .stack.descriptors.hdr
                0x0000000000000196        0xe /opt/microchip/xc8/v3.00/avr/bin/../lib/gcc/avr/5.4.0/../../../../avr/lib/avrxmega4/memx-const/libm.a(addsf3x.o)
 .stack.descriptors.hdr
                0x00000000000001a4        0xe /opt/microchip/xc8/v3.00/avr/bin/../lib/gcc/avr/5.4.0/../../../../avr/lib/avrxmega4/memx-const/libm.a(cmpsf2.o)
 .stack.descriptors.hdr
                0x00000000000001b2        0xe /opt/microchip/xc8/v3.00/avr/bin/../lib/gcc/avr/5.4.0/../../../../avr/lib/avrxmega4/memx-const/libm.a(divsf3.o)
 .stack.descriptors.hdr
                0x00000000000001c0        0xe /opt/microchip/xc8/v3.00/avr/bin/../lib/gcc/avr/5.4.0/../../../../avr/lib/avrxmega4/memx-const/libm.a(divsf3x.o)
 .stack.descriptors.hdr
                0x00000000000001ce        0xe /opt/microchip/xc8/v3.00/avr/bin/../lib/gcc/avr/5.4.0/../../../../avr/lib/avrxmega4/memx-const/libm.a(fixsfsi.o)
 .stack.descriptors.hdr
                0x00000000000001dc        0xe /opt/microchip/xc8/v3.00/avr/bin/../lib/gcc/avr/5.4.0/../../../../avr/lib/avrxmega4/memx-const/libm.a(fixunssfsi.o)
 .stack.descriptors.hdr
                0x00000000000001ea        0xe /opt/microchip/xc8/v3.00/avr/bin/../lib/gcc/avr/5.4.0/../../../../avr/lib/avrxmega4/memx-const/libm.a(floorf.o)
 .stack.descriptors.hdr
                0x00000000000001f8        0xe /opt/microchip/xc8/v3.00/avr/bin/../lib/gcc/avr/5.4.0/../../../../avr/lib/avrxmega4/memx-const/libm.a(fp_cmp.o)
 .stack.descriptors.hdr
                0x0000000000000206        0xe /opt/microchip/xc8/v3.00/avr/bin/../lib/gcc/avr/5.4.0/../../../../avr/lib/avrxmega4/memx-const/libm.a(fp_inf.o)
 .stack.descriptors.hdr
                0x0000000000000214        0xe /opt/microchip/xc8/v3.00/avr/bin/../lib/gcc/avr/5.4.0/../../../../avr/lib/avrxmega4/memx-const/libm.a(fp_nan.o)
 .stack.descriptors.hdr
                0x0000000000000222        0xe /opt/microchip/xc8/v3.00/avr/bin/../lib/gcc/avr/5.4.0/../../../../avr/lib/avrxmega4/memx-const/libm.a(fp_pscA.o)
 .stack.descriptors.hdr
                0x0000000000000230        0xe /opt/microchip/xc8/v3.00/avr/bin/../lib/gcc/avr/5.4.0/../../../../avr/lib/avrxmega4/memx-const/libm.a(fp_pscB.o)
 .stack.descriptors.hdr
                0x000000000000023e        0xe /opt/microchip/xc8/v3.00/avr/bin/../lib/gcc/avr/5.4.0/../../../../avr/lib/avrxmega4/memx-const/libm.a(fp_round.o)
 .stack.descriptors.hdr
                0x000000000000024c        0xe /opt/microchip/xc8/v3.00/avr/bin/../lib/gcc/avr/5.4.0/../../../../avr/lib/avrxmega4/memx-const/libm.a(fp_split3.o)
 .stack.descriptors.hdr
                0x000000000000025a        0xe /opt/microchip/xc8/v3.00/avr/bin/../lib/gcc/avr/5.4.0/../../../../avr/lib/avrxmega4/memx-const/libm.a(fp_zero.o)
 .stack.descriptors.hdr
                0x0000000000000268        0xe /opt/microchip/xc8/v3.00/avr/bin/../lib/gcc/avr/5.4.0/../../../../avr/lib/avrxmega4/memx-const/libm.a(gesf2.o)
 .stack.descriptors.hdr
                0x0000000000000276        0xe /opt/microchip/xc8/v3.00/avr/bin/../lib/gcc/avr/5.4.0/../../../../avr/lib/avrxmega4/memx-const/libm.a(mulsf3.o)
 .stack.descriptors.hdr
                0x0000000000000284        0xe /opt/microchip/xc8/v3.00/avr/bin/../lib/gcc/avr/5.4.0/../../../../avr/lib/avrxmega4/memx-const/libm.a(mulsf3x.o)

.note.GNU-stack
                0x0000000000000000        0x0
 .note.GNU-stack
                0x0000000000000000        0x0 /opt/microchip/xc8/v3.00/avr/bin/../lib/gcc/avr/5.4.0/../../../../avr/lib/avrxmega4/memx-const/libc.a(exit.o)
 .note.GNU-stack
                0x0000000000000000        0x0 /opt/microchip/xc8/v3.00/avr/bin/../lib/gcc/avr/5.4.0/../../../../avr/lib/avrxmega4/memx-const/libc.a(fwrite.o)
 .note.GNU-stack
                0x0000000000000000        0x0 /opt/microchip/xc8/v3.00/avr/bin/../lib/gcc/avr/5.4.0/../../../../avr/lib/avrxmega4/memx-const/libc.a(vfprintf.o)
 .note.GNU-stack
                0x0000000000000000        0x0 /opt/microchip/xc8/v3.00/avr/bin/../lib/gcc/avr/5.4.0/../../../../avr/lib/avrxmega4/memx-const/libc.a(memset.o)
 .note.GNU-stack
                0x0000000000000000        0x0 /opt/microchip/xc8/v3.00/avr/bin/../lib/gcc/avr/5.4.0/../../../../avr/lib/avrxmega4/memx-const/libc.a(_Exit.o)
 .note.GNU-stack
                0x0000000000000000        0x0 /opt/microchip/xc8/v3.00/avr/bin/../lib/gcc/avr/5.4.0/../../../../avr/lib/avrxmega4/memx-const/libc.a(__printf_core.o)
 .note.GNU-stack
                0x0000000000000000        0x0 /opt/microchip/xc8/v3.00/avr/bin/../lib/gcc/avr/5.4.0/../../../../avr/lib/avrxmega4/memx-const/libc.a(fputc.o)
 .note.GNU-stack
                0x0000000000000000        0x0 /opt/microchip/xc8/v3.00/avr/bin/../lib/gcc/avr/5.4.0/../../../../avr/lib/avrxmega4/memx-const/libc.a(__fmt_a.o)
 .note.GNU-stack
                0x0000000000000000        0x0 /opt/microchip/xc8/v3.00/avr/bin/../lib/gcc/avr/5.4.0/../../../../avr/lib/avrxmega4/memx-const/libc.a(__pop_float.o)
 .note.GNU-stack
                0x0000000000000000        0x0 /opt/microchip/xc8/v3.00/avr/bin/../lib/gcc/avr/5.4.0/../../../../avr/lib/avrxmega4/memx-const/libc.a(strcpy.o)
 .note.GNU-stack
                0x0000000000000000        0x0 /opt/microchip/xc8/v3.00/avr/bin/../lib/gcc/avr/5.4.0/../../../../avr/lib/avrxmega4/memx-const/libc.a(strlen.o)
 .note.GNU-stack
                0x0000000000000000        0x0 /opt/microchip/xc8/v3.00/avr/bin/../lib/gcc/avr/5.4.0/../../../../avr/lib/avrxmega4/memx-const/libc.a(__printf_64bit_arg_support.o)
 .note.GNU-stack
                0x0000000000000000        0x0 /opt/microchip/xc8/v3.00/avr/bin/../lib/gcc/avr/5.4.0/../../../../avr/lib/avrxmega4/memx-const/libc.a(tolower.o)
 .note.GNU-stack
                0x0000000000000000        0x0 /opt/microchip/xc8/v3.00/avr/bin/../lib/gcc/avr/5.4.0/../../../../avr/lib/avrxmega4/memx-const/libc.a(toupper.o)
 .note.GNU-stack
                0x0000000000000000        0x0 /opt/microchip/xc8/v3.00/avr/bin/../lib/gcc/avr/5.4.0/../../../../avr/lib/avrxmega4/memx-const/libc.a(errno.o)
 .note.GNU-stack
                0x0000000000000000        0x0 /opt/microchip/xc8/v3.00/avr/bin/../lib/gcc/avr/5.4.0/../../../../avr/lib/avrxmega4/memx-const/libc.a(__fmt_fp.o)
 .note.GNU-stack
                0x0000000000000000        0x0 /opt/microchip/xc8/v3.00/avr/bin/../lib/gcc/avr/5.4.0/../../../../avr/lib/avrxmega4/memx-const/libc.a(__fmt_s.o)
 .note.GNU-stack
                0x0000000000000000        0x0 /opt/microchip/xc8/v3.00/avr/bin/../lib/gcc/avr/5.4.0/../../../../avr/lib/avrxmega4/memx-const/libm.a(addsf3.o)
 .note.GNU-stack
                0x0000000000000000        0x0 /opt/microchip/xc8/v3.00/avr/bin/../lib/gcc/avr/5.4.0/../../../../avr/lib/avrxmega4/memx-const/libm.a(addsf3x.o)
 .note.GNU-stack
                0x0000000000000000        0x0 /opt/microchip/xc8/v3.00/avr/bin/../lib/gcc/avr/5.4.0/../../../../avr/lib/avrxmega4/memx-const/libm.a(cmpsf2.o)
 .note.GNU-stack
                0x0000000000000000        0x0 /opt/microchip/xc8/v3.00/avr/bin/../lib/gcc/avr/5.4.0/../../../../avr/lib/avrxmega4/memx-const/libm.a(divsf3.o)
 .note.GNU-stack
                0x0000000000000000        0x0 /opt/microchip/xc8/v3.00/avr/bin/../lib/gcc/avr/5.4.0/../../../../avr/lib/avrxmega4/memx-const/libm.a(divsf3x.o)
 .note.GNU-stack
                0x0000000000000000        0x0 /opt/microchip/xc8/v3.00/avr/bin/../lib/gcc/avr/5.4.0/../../../../avr/lib/avrxmega4/memx-const/libm.a(fixsfsi.o)
 .note.GNU-stack
                0x0000000000000000        0x0 /opt/microchip/xc8/v3.00/avr/bin/../lib/gcc/avr/5.4.0/../../../../avr/lib/avrxmega4/memx-const/libm.a(fixunssfsi.o)
 .note.GNU-stack
                0x0000000000000000        0x0 /opt/microchip/xc8/v3.00/avr/bin/../lib/gcc/avr/5.4.0/../../../../avr/lib/avrxmega4/memx-const/libm.a(floorf.o)
 .note.GNU-stack
                0x0000000000000000        0x0 /opt/microchip/xc8/v3.00/avr/bin/../lib/gcc/avr/5.4.0/../../../../avr/lib/avrxmega4/memx-const/libm.a(fp_cmp.o)
 .note.GNU-stack
                0x0000000000000000        0x0 /opt/microchip/xc8/v3.00/avr/bin/../lib/gcc/avr/5.4.0/../../../../avr/lib/avrxmega4/memx-const/libm.a(fp_inf.o)
 .note.GNU-stack
                0x0000000000000000        0x0 /opt/microchip/xc8/v3.00/avr/bin/../lib/gcc/avr/5.4.0/../../../../avr/lib/avrxmega4/memx-const/libm.a(fp_nan.o)
 .note.GNU-stack
                0x0000000000000000        0x0 /opt/microchip/xc8/v3.00/avr/bin/../lib/gcc/avr/5.4.0/../../../../avr/lib/avrxmega4/memx-const/libm.a(fp_pscA.o)
 .note.GNU-stack
                0x0000000000000000        0x0 /opt/microchip/xc8/v3.00/avr/bin/../lib/gcc/avr/5.4.0/../../../../avr/lib/avrxmega4/memx-const/libm.a(fp_pscB.o)
 .note.GNU-stack
                0x0000000000000000        0x0 /opt/microchip/xc8/v3.00/avr/bin/../lib/gcc/avr/5.4.0/../../../../avr/lib/avrxmega4/memx-const/libm.a(fp_round.o)
 .note.GNU-stack
                0x0000000000000000        0x0 /opt/microchip/xc8/v3.00/avr/bin/../lib/gcc/avr/5.4.0/../../../../avr/lib/avrxmega4/memx-const/libm.a(fp_split3.o)
 .note.GNU-stack
                0x0000000000000000        0x0 /opt/microchip/xc8/v3.00/avr/bin/../lib/gcc/avr/5.4.0/../../../../avr/lib/avrxmega4/memx-const/libm.a(fp_zero.o)
 .note.GNU-stack
                0x0000000000000000        0x0 /opt/microchip/xc8/v3.00/avr/bin/../lib/gcc/avr/5.4.0/../../../../avr/lib/avrxmega4/memx-const/libm.a(gesf2.o)
 .note.GNU-stack
                0x0000000000000000        0x0 /opt/microchip/xc8/v3.00/avr/bin/../lib/gcc/avr/5.4.0/../../../../avr/lib/avrxmega4/memx-const/libm.a(mulsf3.o)
 .note.GNU-stack
                0x0000000000000000        0x0 /opt/microchip/xc8/v3.00/avr/bin/../lib/gcc/avr/5.4.0/../../../../avr/lib/avrxmega4/memx-const/libm.a(mulsf3x.o)

.note.gnu.build-id
 *(.note.gnu.build-id)

.debug
 *(.debug)

.line
 *(.line)

.debug_srcinfo
 *(.debug_srcinfo)

.debug_sfnames
 *(.debug_sfnames)

.debug_aranges  0x0000000000000000      0x170
 *(.debug_aranges)
 .debug_aranges
                0x0000000000000000       0x28 CMakeFiles/Session3_ADC_OLED_1_default_default_XC8_compile.dir/home/august/Git/avrkurs/Session3/ADC-OLED.X/adc.c.o
 .debug_aranges
                0x0000000000000028       0x18 CMakeFiles/Session3_ADC_OLED_1_default_default_XC8_compile.dir/home/august/Git/avrkurs/Session3/ADC-OLED.X/fonts.c.o
 .debug_aranges
                0x0000000000000040       0x40 CMakeFiles/Session3_ADC_OLED_1_default_default_XC8_compile.dir/home/august/Git/avrkurs/Session3/ADC-OLED.X/graphics.c.o
 .debug_aranges
                0x0000000000000080       0x20 CMakeFiles/Session3_ADC_OLED_1_default_default_XC8_compile.dir/home/august/Git/avrkurs/Session3/ADC-OLED.X/main.c.o
 .debug_aranges
                0x00000000000000a0       0x90 CMakeFiles/Session3_ADC_OLED_1_default_default_XC8_compile.dir/home/august/Git/avrkurs/Session3/ADC-OLED.X/oled.c.o
 .debug_aranges
                0x0000000000000130       0x40 CMakeFiles/Session3_ADC_OLED_1_default_default_XC8_compile.dir/home/august/Git/avrkurs/Session3/ADC-OLED.X/twi.c.o

.debug_pubnames
 *(.debug_pubnames)

.debug_info     0x0000000000000000     0x7462
 *(.debug_info .gnu.linkonce.wi.*)
 .debug_info    0x0000000000000000     0x3545 /home/august/.mchp_packs/Microchip/AVR-Dx_DFP/2.3.272/xc8/avr/lib/avrxmega4/memx-const/crtavr128db48.o
 .debug_info    0x0000000000003545      0xad8 CMakeFiles/Session3_ADC_OLED_1_default_default_XC8_compile.dir/home/august/Git/avrkurs/Session3/ADC-OLED.X/adc.c.o
 .debug_info    0x000000000000401d      0x26f CMakeFiles/Session3_ADC_OLED_1_default_default_XC8_compile.dir/home/august/Git/avrkurs/Session3/ADC-OLED.X/fonts.c.o
 .debug_info    0x000000000000428c      0xaa7 CMakeFiles/Session3_ADC_OLED_1_default_default_XC8_compile.dir/home/august/Git/avrkurs/Session3/ADC-OLED.X/graphics.c.o
 .debug_info    0x0000000000004d33      0xc21 CMakeFiles/Session3_ADC_OLED_1_default_default_XC8_compile.dir/home/august/Git/avrkurs/Session3/ADC-OLED.X/main.c.o
 .debug_info    0x0000000000005954     0x12f9 CMakeFiles/Session3_ADC_OLED_1_default_default_XC8_compile.dir/home/august/Git/avrkurs/Session3/ADC-OLED.X/oled.c.o
 .debug_info    0x0000000000006c4d      0x815 CMakeFiles/Session3_ADC_OLED_1_default_default_XC8_compile.dir/home/august/Git/avrkurs/Session3/ADC-OLED.X/twi.c.o

.debug_abbrev   0x0000000000000000     0x3c8a
 *(.debug_abbrev)
 .debug_abbrev  0x0000000000000000     0x3274 /home/august/.mchp_packs/Microchip/AVR-Dx_DFP/2.3.272/xc8/avr/lib/avrxmega4/memx-const/crtavr128db48.o
 .debug_abbrev  0x0000000000003274      0x13c CMakeFiles/Session3_ADC_OLED_1_default_default_XC8_compile.dir/home/august/Git/avrkurs/Session3/ADC-OLED.X/adc.c.o
 .debug_abbrev  0x00000000000033b0       0x2f CMakeFiles/Session3_ADC_OLED_1_default_default_XC8_compile.dir/home/august/Git/avrkurs/Session3/ADC-OLED.X/fonts.c.o
 .debug_abbrev  0x00000000000033df      0x263 CMakeFiles/Session3_ADC_OLED_1_default_default_XC8_compile.dir/home/august/Git/avrkurs/Session3/ADC-OLED.X/graphics.c.o
 .debug_abbrev  0x0000000000003642      0x20a CMakeFiles/Session3_ADC_OLED_1_default_default_XC8_compile.dir/home/august/Git/avrkurs/Session3/ADC-OLED.X/main.c.o
 .debug_abbrev  0x000000000000384c      0x2bb CMakeFiles/Session3_ADC_OLED_1_default_default_XC8_compile.dir/home/august/Git/avrkurs/Session3/ADC-OLED.X/oled.c.o
 .debug_abbrev  0x0000000000003b07      0x183 CMakeFiles/Session3_ADC_OLED_1_default_default_XC8_compile.dir/home/august/Git/avrkurs/Session3/ADC-OLED.X/twi.c.o

.debug_line     0x0000000000000000      0xf5f
 *(.debug_line .debug_line.* .debug_line_end)
 .debug_line    0x0000000000000000      0x208 /home/august/.mchp_packs/Microchip/AVR-Dx_DFP/2.3.272/xc8/avr/lib/avrxmega4/memx-const/crtavr128db48.o
 .debug_line    0x0000000000000208      0x152 CMakeFiles/Session3_ADC_OLED_1_default_default_XC8_compile.dir/home/august/Git/avrkurs/Session3/ADC-OLED.X/adc.c.o
 .debug_line    0x000000000000035a       0x52 CMakeFiles/Session3_ADC_OLED_1_default_default_XC8_compile.dir/home/august/Git/avrkurs/Session3/ADC-OLED.X/fonts.c.o
 .debug_line    0x00000000000003ac      0x2b0 CMakeFiles/Session3_ADC_OLED_1_default_default_XC8_compile.dir/home/august/Git/avrkurs/Session3/ADC-OLED.X/graphics.c.o
 .debug_line    0x000000000000065c      0x286 CMakeFiles/Session3_ADC_OLED_1_default_default_XC8_compile.dir/home/august/Git/avrkurs/Session3/ADC-OLED.X/main.c.o
 .debug_line    0x00000000000008e2      0x4b7 CMakeFiles/Session3_ADC_OLED_1_default_default_XC8_compile.dir/home/august/Git/avrkurs/Session3/ADC-OLED.X/oled.c.o
 .debug_line    0x0000000000000d99      0x1c6 CMakeFiles/Session3_ADC_OLED_1_default_default_XC8_compile.dir/home/august/Git/avrkurs/Session3/ADC-OLED.X/twi.c.o

.debug_frame    0x0000000000000000      0x354
 *(.debug_frame)
 .debug_frame   0x0000000000000000       0x34 CMakeFiles/Session3_ADC_OLED_1_default_default_XC8_compile.dir/home/august/Git/avrkurs/Session3/ADC-OLED.X/adc.c.o
 .debug_frame   0x0000000000000034       0xbc CMakeFiles/Session3_ADC_OLED_1_default_default_XC8_compile.dir/home/august/Git/avrkurs/Session3/ADC-OLED.X/graphics.c.o
 .debug_frame   0x00000000000000f0       0x34 CMakeFiles/Session3_ADC_OLED_1_default_default_XC8_compile.dir/home/august/Git/avrkurs/Session3/ADC-OLED.X/main.c.o
 .debug_frame   0x0000000000000124      0x1b8 CMakeFiles/Session3_ADC_OLED_1_default_default_XC8_compile.dir/home/august/Git/avrkurs/Session3/ADC-OLED.X/oled.c.o
 .debug_frame   0x00000000000002dc       0x78 CMakeFiles/Session3_ADC_OLED_1_default_default_XC8_compile.dir/home/august/Git/avrkurs/Session3/ADC-OLED.X/twi.c.o

.debug_str      0x0000000000000000     0x182b
 *(.debug_str)
 .debug_str     0x0000000000000000     0x170f /home/august/.mchp_packs/Microchip/AVR-Dx_DFP/2.3.272/xc8/avr/lib/avrxmega4/memx-const/crtavr128db48.o
 .debug_str     0x000000000000170f       0x1f CMakeFiles/Session3_ADC_OLED_1_default_default_XC8_compile.dir/home/august/Git/avrkurs/Session3/ADC-OLED.X/adc.c.o
 .debug_str     0x000000000000172e        0x0 CMakeFiles/Session3_ADC_OLED_1_default_default_XC8_compile.dir/home/august/Git/avrkurs/Session3/ADC-OLED.X/fonts.c.o
 .debug_str     0x000000000000172e       0x1b CMakeFiles/Session3_ADC_OLED_1_default_default_XC8_compile.dir/home/august/Git/avrkurs/Session3/ADC-OLED.X/graphics.c.o
 .debug_str     0x0000000000001749       0x99 CMakeFiles/Session3_ADC_OLED_1_default_default_XC8_compile.dir/home/august/Git/avrkurs/Session3/ADC-OLED.X/main.c.o
 .debug_str     0x00000000000017e2       0x2f CMakeFiles/Session3_ADC_OLED_1_default_default_XC8_compile.dir/home/august/Git/avrkurs/Session3/ADC-OLED.X/oled.c.o
 .debug_str     0x0000000000001811       0x1a CMakeFiles/Session3_ADC_OLED_1_default_default_XC8_compile.dir/home/august/Git/avrkurs/Session3/ADC-OLED.X/twi.c.o

.debug_loc      0x0000000000000000      0xa88
 *(.debug_loc)
 .debug_loc     0x0000000000000000       0x2d CMakeFiles/Session3_ADC_OLED_1_default_default_XC8_compile.dir/home/august/Git/avrkurs/Session3/ADC-OLED.X/adc.c.o
 .debug_loc     0x000000000000002d      0x365 CMakeFiles/Session3_ADC_OLED_1_default_default_XC8_compile.dir/home/august/Git/avrkurs/Session3/ADC-OLED.X/graphics.c.o
 .debug_loc     0x0000000000000392      0x182 CMakeFiles/Session3_ADC_OLED_1_default_default_XC8_compile.dir/home/august/Git/avrkurs/Session3/ADC-OLED.X/main.c.o
 .debug_loc     0x0000000000000514      0x442 CMakeFiles/Session3_ADC_OLED_1_default_default_XC8_compile.dir/home/august/Git/avrkurs/Session3/ADC-OLED.X/oled.c.o
 .debug_loc     0x0000000000000956      0x132 CMakeFiles/Session3_ADC_OLED_1_default_default_XC8_compile.dir/home/august/Git/avrkurs/Session3/ADC-OLED.X/twi.c.o

.debug_macinfo
 *(.debug_macinfo)

.debug_weaknames
 *(.debug_weaknames)

.debug_funcnames
 *(.debug_funcnames)

.debug_typenames
 *(.debug_typenames)

.debug_varnames
 *(.debug_varnames)

.debug_pubtypes
 *(.debug_pubtypes)

.debug_ranges   0x0000000000000000      0x1a8
 *(.debug_ranges)
 .debug_ranges  0x0000000000000000       0x18 CMakeFiles/Session3_ADC_OLED_1_default_default_XC8_compile.dir/home/august/Git/avrkurs/Session3/ADC-OLED.X/adc.c.o
 .debug_ranges  0x0000000000000018       0xd0 CMakeFiles/Session3_ADC_OLED_1_default_default_XC8_compile.dir/home/august/Git/avrkurs/Session3/ADC-OLED.X/graphics.c.o
 .debug_ranges  0x00000000000000e8       0x10 CMakeFiles/Session3_ADC_OLED_1_default_default_XC8_compile.dir/home/august/Git/avrkurs/Session3/ADC-OLED.X/main.c.o
 .debug_ranges  0x00000000000000f8       0x80 CMakeFiles/Session3_ADC_OLED_1_default_default_XC8_compile.dir/home/august/Git/avrkurs/Session3/ADC-OLED.X/oled.c.o
 .debug_ranges  0x0000000000000178       0x30 CMakeFiles/Session3_ADC_OLED_1_default_default_XC8_compile.dir/home/august/Git/avrkurs/Session3/ADC-OLED.X/twi.c.o

.debug_macro
 *(.debug_macro)
OUTPUT(/home/august/Git/avrkurs/Session3/ADC-OLED.X/out/Session3_ADC-OLED/default.elf elf32-avr)
LOAD linker stubs
LOAD data_init

.note.gnu.avr.deviceinfo
                0x0000000000000000       0x40
 .note.gnu.avr.deviceinfo
                0x0000000000000000       0x40 /home/august/.mchp_packs/Microchip/AVR-Dx_DFP/2.3.272/xc8/avr/lib/avrxmega4/memx-const/crtavr128db48.o

.bss.y          0x0000000000804446        0x1
 .bss.y         0x0000000000804446        0x1 CMakeFiles/Session3_ADC_OLED_1_default_default_XC8_compile.dir/home/august/Git/avrkurs/Session3/ADC-OLED.X/oled.c.o
                0x0000000000804446                y

.bss.x          0x0000000000804447        0x1
 .bss.x         0x0000000000804447        0x1 CMakeFiles/Session3_ADC_OLED_1_default_default_XC8_compile.dir/home/august/Git/avrkurs/Session3/ADC-OLED.X/oled.c.o
                0x0000000000804447                x

.bss.buffer     0x0000000000804002      0x400
 .bss.buffer    0x0000000000804002      0x400 CMakeFiles/Session3_ADC_OLED_1_default_default_XC8_compile.dir/home/august/Git/avrkurs/Session3/ADC-OLED.X/oled.c.o
                0x0000000000804002                buffer

.progmemx.data.ffont8
                0x000000000000015e      0x2f8
 .progmemx.data.ffont8
                0x000000000000015e      0x2f8 CMakeFiles/Session3_ADC_OLED_1_default_default_XC8_compile.dir/home/august/Git/avrkurs/Session3/ADC-OLED.X/fonts.c.o
                0x000000000000015e                ffont8

.progmemx.data.OV
                0x0000000000000456      0x200
 .progmemx.data.OV
                0x0000000000000456      0x200 CMakeFiles/Session3_ADC_OLED_1_default_default_XC8_compile.dir/home/august/Git/avrkurs/Session3/ADC-OLED.X/main.c.o

.progmemx.data.ffont5
                0x0000000000000656      0x1db
 .progmemx.data.ffont5
                0x0000000000000656      0x1db CMakeFiles/Session3_ADC_OLED_1_default_default_XC8_compile.dir/home/august/Git/avrkurs/Session3/ADC-OLED.X/fonts.c.o
                0x0000000000000656                ffont5

.progmemx.data.ffont4
                0x0000000000000831      0x17c
 .progmemx.data.ffont4
                0x0000000000000831      0x17c CMakeFiles/Session3_ADC_OLED_1_default_default_XC8_compile.dir/home/august/Git/avrkurs/Session3/ADC-OLED.X/fonts.c.o
                0x0000000000000831                ffont4

.progmemx.data  0x00000000000009ad       0x2d
 .progmemx.data
                0x00000000000009ad       0x2d CMakeFiles/Session3_ADC_OLED_1_default_default_XC8_compile.dir/home/august/Git/avrkurs/Session3/ADC-OLED.X/main.c.o

.progmemx.data.state_table
                0x00000000000009da       0x16
 .progmemx.data.state_table
                0x00000000000009da       0x16 /opt/microchip/xc8/v3.00/avr/bin/../lib/gcc/avr/5.4.0/../../../../avr/lib/avrxmega4/memx-const/libc.a(__printf_core.o)

.progmemx.data  0x00000000000009f0       0x10
 .progmemx.data
                0x00000000000009f0       0x10 /opt/microchip/xc8/v3.00/avr/bin/../lib/gcc/avr/5.4.0/../../../../avr/lib/avrxmega4/memx-const/libc.a(__fmt_a.o)

.progmemx.data  0x0000000000000a00       0x10
 .progmemx.data
                0x0000000000000a00       0x10 /opt/microchip/xc8/v3.00/avr/bin/../lib/gcc/avr/5.4.0/../../../../avr/lib/avrxmega4/memx-const/libc.a(__fmt_fp.o)

.progmemx.data.nuls.2781
                0x0000000000000a10        0x7
 .progmemx.data.nuls.2781
                0x0000000000000a10        0x7 /opt/microchip/xc8/v3.00/avr/bin/../lib/gcc/avr/5.4.0/../../../../avr/lib/avrxmega4/memx-const/libc.a(__fmt_s.o)

.progmemx.data.nilstr.3022
                0x0000000000000a17        0x6
 .progmemx.data.nilstr.3022
                0x0000000000000a17        0x6 /opt/microchip/xc8/v3.00/avr/bin/../lib/gcc/avr/5.4.0/../../../../avr/lib/avrxmega4/memx-const/libc.a(__printf_64bit_arg_support.o)

.text.__fmt_fp  0x0000000000000a1e      0x756
 .text.__fmt_fp
                0x0000000000000a1e      0x756 /opt/microchip/xc8/v3.00/avr/bin/../lib/gcc/avr/5.4.0/../../../../avr/lib/avrxmega4/memx-const/libc.a(__fmt_fp.o)
                0x0000000000000a1e                __fmt_fp
                0x0000000000000a1e                __fmt_f_needed

.text.__fmt_a   0x0000000000001174      0x64e
 .text.__fmt_a  0x0000000000001174      0x64e /opt/microchip/xc8/v3.00/avr/bin/../lib/gcc/avr/5.4.0/../../../../avr/lib/avrxmega4/memx-const/libc.a(__fmt_a.o)
                0x0000000000001174                __fmt_a
                0x0000000000001174                __fmt_a_needed

.text.vfpfcnvrt
                0x00000000000017c2      0x4d2
 .text.vfpfcnvrt
                0x00000000000017c2      0x4d2 /opt/microchip/xc8/v3.00/avr/bin/../lib/gcc/avr/5.4.0/../../../../avr/lib/avrxmega4/memx-const/libc.a(__printf_64bit_arg_support.o)
                0x00000000000017c2                vfpfcnvrt

.text.__fmt_x   0x0000000000001c94      0x280
 .text.__fmt_x  0x0000000000001c94      0x280 /opt/microchip/xc8/v3.00/avr/bin/../lib/gcc/avr/5.4.0/../../../../avr/lib/avrxmega4/memx-const/libc.a(__printf_64bit_arg_support.o)
                0x0000000000001c94                __fmt_x

.text.main      0x0000000000001f14      0x19e
 .text.main     0x0000000000001f14      0x19e CMakeFiles/Session3_ADC_OLED_1_default_default_XC8_compile.dir/home/august/Git/avrkurs/Session3/ADC-OLED.X/main.c.o
                0x0000000000001f14                main

.text.__pop_int
                0x00000000000020b2      0x17e
 .text.__pop_int
                0x00000000000020b2      0x17e /opt/microchip/xc8/v3.00/avr/bin/../lib/gcc/avr/5.4.0/../../../../avr/lib/avrxmega4/memx-const/libc.a(__printf_64bit_arg_support.o)
                0x00000000000020b2                __pop_int

.text.__fmt_d   0x0000000000002230      0x17e
 .text.__fmt_d  0x0000000000002230      0x17e /opt/microchip/xc8/v3.00/avr/bin/../lib/gcc/avr/5.4.0/../../../../avr/lib/avrxmega4/memx-const/libc.a(__printf_64bit_arg_support.o)
                0x0000000000002230                __fmt_d

.text.__cvt_u   0x00000000000023ae      0x148
 .text.__cvt_u  0x00000000000023ae      0x148 /opt/microchip/xc8/v3.00/avr/bin/../lib/gcc/avr/5.4.0/../../../../avr/lib/avrxmega4/memx-const/libc.a(__printf_64bit_arg_support.o)
                0x00000000000023ae                __cvt_u

.text.oled_init
                0x00000000000024f6      0x10e
 .text.oled_init
                0x00000000000024f6      0x10e CMakeFiles/Session3_ADC_OLED_1_default_default_XC8_compile.dir/home/august/Git/avrkurs/Session3/ADC-OLED.X/oled.c.o
                0x00000000000024f6                oled_init

.text.__pop_ptr
                0x0000000000002604       0xf6
 .text.__pop_ptr
                0x0000000000002604       0xf6 /opt/microchip/xc8/v3.00/avr/bin/../lib/gcc/avr/5.4.0/../../../../avr/lib/avrxmega4/memx-const/libc.a(__printf_64bit_arg_support.o)
                0x0000000000002604                __pop_ptr

.text.graphics_print_bitmap
                0x00000000000026fa       0xf2
 .text.graphics_print_bitmap
                0x00000000000026fa       0xf2 CMakeFiles/Session3_ADC_OLED_1_default_default_XC8_compile.dir/home/august/Git/avrkurs/Session3/ADC-OLED.X/graphics.c.o
                0x00000000000026fa                graphics_print_bitmap

.text.floorf    0x00000000000027ec       0xe6
 .text.floorf   0x00000000000027ec       0xe6 /opt/microchip/xc8/v3.00/avr/bin/../lib/gcc/avr/5.4.0/../../../../avr/lib/avrxmega4/memx-const/libm.a(floorf.o)
                0x00000000000027ec                floorf

.text           0x00000000000028d2       0xde
 .text          0x00000000000028d2       0xde /opt/microchip/xc8/v3.00/avr/bin/../lib/gcc/avr/5.4.0/../../../../avr/lib/avrxmega4/memx-const/libm.a(divsf3x.o)
                0x00000000000028d2                __divsf3x
                0x00000000000028fa                __divsf3_pse

.text.put_glyph
                0x00000000000029b0       0xdc
 .text.put_glyph
                0x00000000000029b0       0xdc CMakeFiles/Session3_ADC_OLED_1_default_default_XC8_compile.dir/home/august/Git/avrkurs/Session3/ADC-OLED.X/oled.c.o

.text.__fmt_o   0x0000000000002a8c       0xd4
 .text.__fmt_o  0x0000000000002a8c       0xd4 /opt/microchip/xc8/v3.00/avr/bin/../lib/gcc/avr/5.4.0/../../../../avr/lib/avrxmega4/memx-const/libc.a(__printf_64bit_arg_support.o)
                0x0000000000002a8c                __fmt_o

.text           0x0000000000002b60       0xd4
 .text          0x0000000000002b60       0xd4 /opt/microchip/xc8/v3.00/avr/bin/../lib/gcc/avr/5.4.0/../../../../avr/lib/avrxmega4/memx-const/libm.a(mulsf3x.o)
                0x0000000000002b60                __mulsf3x
                0x0000000000002b86                __mulsf3_pse

.text           0x0000000000002c34       0xce
 .text          0x0000000000002c34       0xce /opt/microchip/xc8/v3.00/avr/bin/../lib/gcc/avr/5.4.0/../../../../avr/lib/avrxmega4/memx-const/libm.a(addsf3x.o)
                0x0000000000002c34                __addsf3x

.text.__fmt_u   0x0000000000002d02       0xb0
 .text.__fmt_u  0x0000000000002d02       0xb0 /opt/microchip/xc8/v3.00/avr/bin/../lib/gcc/avr/5.4.0/../../../../avr/lib/avrxmega4/memx-const/libc.a(__printf_64bit_arg_support.o)
                0x0000000000002d02                __fmt_u

.text.fwrite    0x0000000000002db2       0xa4
 .text.fwrite   0x0000000000002db2       0xa4 /opt/microchip/xc8/v3.00/avr/bin/../lib/gcc/avr/5.4.0/../../../../avr/lib/avrxmega4/memx-const/libc.a(fwrite.o)
                0x0000000000002db2                fwrite_unlocked
                0x0000000000002db2                fwrite

.text.__fmt_state
                0x0000000000002e56       0xa4
 .text.__fmt_state
                0x0000000000002e56       0xa4 /opt/microchip/xc8/v3.00/avr/bin/../lib/gcc/avr/5.4.0/../../../../avr/lib/avrxmega4/memx-const/libc.a(__printf_core.o)
                0x0000000000002e56                __fmt_state

.text.libgcc.div
                0x0000000000002efa       0xa2
 .text.libgcc.div
                0x0000000000002efa       0xa2 /opt/microchip/xc8/v3.00/avr/bin/../lib/gcc/avr/5.4.0/avrxmega4/memx-const/libgcc.a(_udivmod64.o)
                0x0000000000002efa                __udivmod64

.text.fputc     0x0000000000002f9c       0x98
 .text.fputc    0x0000000000002f9c       0x98 /opt/microchip/xc8/v3.00/avr/bin/../lib/gcc/avr/5.4.0/../../../../avr/lib/avrxmega4/memx-const/libc.a(fputc.o)
                0x0000000000002f9c                putc
                0x0000000000002f9c                fputc

.text.__pad     0x0000000000003034       0x96
 .text.__pad    0x0000000000003034       0x96 /opt/microchip/xc8/v3.00/avr/bin/../lib/gcc/avr/5.4.0/../../../../avr/lib/avrxmega4/memx-const/libc.a(__printf_core.o)
                0x0000000000003034                __pad

.text.__printf_core
                0x00000000000030ca       0x92
 .text.__printf_core
                0x00000000000030ca       0x92 /opt/microchip/xc8/v3.00/avr/bin/../lib/gcc/avr/5.4.0/../../../../avr/lib/avrxmega4/memx-const/libc.a(__printf_core.o)
                0x00000000000030ca                __printf_core

.text.read_prec_or_width
                0x000000000000315c       0x7e
 .text.read_prec_or_width
                0x000000000000315c       0x7e /opt/microchip/xc8/v3.00/avr/bin/../lib/gcc/avr/5.4.0/../../../../avr/lib/avrxmega4/memx-const/libc.a(__printf_64bit_arg_support.o)

.text.__fmt_s   0x00000000000031da       0x7a
 .text.__fmt_s  0x00000000000031da       0x7a /opt/microchip/xc8/v3.00/avr/bin/../lib/gcc/avr/5.4.0/../../../../avr/lib/avrxmega4/memx-const/libc.a(__fmt_s.o)
                0x00000000000031da                __fmt_s_needed
                0x00000000000031da                __fmt_s
                0x00000000000031da                __fmt_0_needed

.text.__out     0x0000000000003254       0x6a
 .text.__out    0x0000000000003254       0x6a /opt/microchip/xc8/v3.00/avr/bin/../lib/gcc/avr/5.4.0/../../../../avr/lib/avrxmega4/memx-const/libc.a(__printf_core.o)
                0x0000000000003254                __out

.text           0x00000000000032be       0x5e
 .text          0x00000000000032be       0x5e /opt/microchip/xc8/v3.00/avr/bin/../lib/gcc/avr/5.4.0/../../../../avr/lib/avrxmega4/memx-const/libm.a(fixunssfsi.o)
                0x00000000000032be                __fixunssfsi

.text.graphics_printf
                0x000000000000331c       0x54
 .text.graphics_printf
                0x000000000000331c       0x54 CMakeFiles/Session3_ADC_OLED_1_default_default_XC8_compile.dir/home/august/Git/avrkurs/Session3/ADC-OLED.X/graphics.c.o
                0x000000000000331c                graphics_printf

.text.graphics_loading_bar_set
                0x0000000000003370       0x52
 .text.graphics_loading_bar_set
                0x0000000000003370       0x52 CMakeFiles/Session3_ADC_OLED_1_default_default_XC8_compile.dir/home/august/Git/avrkurs/Session3/ADC-OLED.X/graphics.c.o
                0x0000000000003370                graphics_loading_bar_set

.text.display   0x00000000000033c2       0x52
 .text.display  0x00000000000033c2       0x52 CMakeFiles/Session3_ADC_OLED_1_default_default_XC8_compile.dir/home/august/Git/avrkurs/Session3/ADC-OLED.X/oled.c.o
                0x00000000000033c2                display

.text.oled_write_data
                0x0000000000003414       0x4a
 .text.oled_write_data
                0x0000000000003414       0x4a CMakeFiles/Session3_ADC_OLED_1_default_default_XC8_compile.dir/home/august/Git/avrkurs/Session3/ADC-OLED.X/oled.c.o
                0x0000000000003414                oled_write_data

.text.oled_write_commands
                0x000000000000345e       0x48
 .text.oled_write_commands
                0x000000000000345e       0x48 CMakeFiles/Session3_ADC_OLED_1_default_default_XC8_compile.dir/home/august/Git/avrkurs/Session3/ADC-OLED.X/oled.c.o
                0x000000000000345e                oled_write_commands

.text           0x00000000000034a6       0x48
 .text          0x00000000000034a6       0x48 /opt/microchip/xc8/v3.00/avr/bin/../lib/gcc/avr/5.4.0/../../../../avr/lib/avrxmega4/memx-const/libm.a(fp_cmp.o)
                0x00000000000034a6                __fp_cmp

.text.libgcc.div
                0x00000000000034ee       0x44
 .text.libgcc.div
                0x00000000000034ee       0x44 /opt/microchip/xc8/v3.00/avr/bin/../lib/gcc/avr/5.4.0/avrxmega4/memx-const/libgcc.a(_udivmodsi4.o)
                0x00000000000034ee                __udivmodsi4

.text           0x0000000000003532       0x44
 .text          0x0000000000003532       0x44 /opt/microchip/xc8/v3.00/avr/bin/../lib/gcc/avr/5.4.0/../../../../avr/lib/avrxmega4/memx-const/libm.a(fp_split3.o)
                0x0000000000003532                __fp_split3
                0x0000000000003542                __fp_splitA

.text.__pop_float
                0x0000000000003576       0x40
 .text.__pop_float
                0x0000000000003576       0x40 /opt/microchip/xc8/v3.00/avr/bin/../lib/gcc/avr/5.4.0/../../../../avr/lib/avrxmega4/memx-const/libc.a(__pop_float.o)
                0x0000000000003576                __pop_float
                0x0000000000003576                __pop_float_needed

.text.libgcc.builtins
                0x00000000000035b6       0x3c
 .text.libgcc.builtins
                0x00000000000035b6       0x3c /opt/microchip/xc8/v3.00/avr/bin/../lib/gcc/avr/5.4.0/avrxmega4/memx-const/libgcc.a(_ashrdi3.o)
                0x00000000000035b6                __ashrdi3
                0x00000000000035ba                __lshrdi3

.text.graphics_loading_bar_init
                0x00000000000035f2       0x34
 .text.graphics_loading_bar_init
                0x00000000000035f2       0x34 CMakeFiles/Session3_ADC_OLED_1_default_default_XC8_compile.dir/home/august/Git/avrkurs/Session3/ADC-OLED.X/graphics.c.o
                0x00000000000035f2                graphics_loading_bar_init

.text.libgcc.prologue
                0x0000000000003626       0x32
 .text.libgcc.prologue
                0x0000000000003626       0x32 /opt/microchip/xc8/v3.00/avr/bin/../lib/gcc/avr/5.4.0/avrxmega4/memx-const/libgcc.a(_prologue.o)
                0x0000000000003626                __prologue_saves__

.text.vfprintf  0x0000000000003658       0x30
 .text.vfprintf
                0x0000000000003658       0x30 /opt/microchip/xc8/v3.00/avr/bin/../lib/gcc/avr/5.4.0/../../../../avr/lib/avrxmega4/memx-const/libc.a(vfprintf.o)
                0x0000000000003658                vfprintf

.text.libgcc.prologue
                0x0000000000003688       0x30
 .text.libgcc.prologue
                0x0000000000003688       0x30 /opt/microchip/xc8/v3.00/avr/bin/../lib/gcc/avr/5.4.0/avrxmega4/memx-const/libgcc.a(_epilogue.o)
                0x0000000000003688                __epilogue_restores__

.text.adc_init  0x00000000000036b8       0x28
 .text.adc_init
                0x00000000000036b8       0x28 CMakeFiles/Session3_ADC_OLED_1_default_default_XC8_compile.dir/home/august/Git/avrkurs/Session3/ADC-OLED.X/adc.c.o
                0x00000000000036b8                adc_init

.text.libgcc.div
                0x00000000000036e0       0x28
 .text.libgcc.div
                0x00000000000036e0       0x28 /opt/microchip/xc8/v3.00/avr/bin/../lib/gcc/avr/5.4.0/avrxmega4/memx-const/libgcc.a(_divmodhi4.o)
                0x00000000000036e0                __divmodhi4
                0x00000000000036e0                _div

.text.libgcc.div
                0x0000000000003708       0x28
 .text.libgcc.div
                0x0000000000003708       0x28 /opt/microchip/xc8/v3.00/avr/bin/../lib/gcc/avr/5.4.0/avrxmega4/memx-const/libgcc.a(_udivmodhi4.o)
                0x0000000000003708                __udivmodhi4

.text.oled_reset
                0x0000000000003730       0x24
 .text.oled_reset
                0x0000000000003730       0x24 CMakeFiles/Session3_ADC_OLED_1_default_default_XC8_compile.dir/home/august/Git/avrkurs/Session3/ADC-OLED.X/oled.c.o
                0x0000000000003730                oled_reset

.text.TWI_init  0x0000000000003754       0x24
 .text.TWI_init
                0x0000000000003754       0x24 CMakeFiles/Session3_ADC_OLED_1_default_default_XC8_compile.dir/home/august/Git/avrkurs/Session3/ADC-OLED.X/twi.c.o
                0x0000000000003754                TWI_init

.text.strlen    0x0000000000003778       0x24
 .text.strlen   0x0000000000003778       0x24 /opt/microchip/xc8/v3.00/avr/bin/../lib/gcc/avr/5.4.0/../../../../avr/lib/avrxmega4/memx-const/libc.a(strlen.o)
                0x0000000000003778                strlen

.text.TWI_write_data
                0x000000000000379c       0x22
 .text.TWI_write_data
                0x000000000000379c       0x22 CMakeFiles/Session3_ADC_OLED_1_default_default_XC8_compile.dir/home/august/Git/avrkurs/Session3/ADC-OLED.X/twi.c.o
                0x000000000000379c                TWI_write_data

.text           0x00000000000037be       0x22
 .text          0x00000000000037be       0x22 /opt/microchip/xc8/v3.00/avr/bin/../lib/gcc/avr/5.4.0/../../../../avr/lib/avrxmega4/memx-const/libm.a(fp_round.o)
                0x00000000000037be                __fp_round

.text.adc_read  0x00000000000037e0       0x20
 .text.adc_read
                0x00000000000037e0       0x20 CMakeFiles/Session3_ADC_OLED_1_default_default_XC8_compile.dir/home/august/Git/avrkurs/Session3/ADC-OLED.X/adc.c.o
                0x00000000000037e0                adc_read

.text.oled_write_single_command
                0x0000000000003800       0x20
 .text.oled_write_single_command
                0x0000000000003800       0x20 CMakeFiles/Session3_ADC_OLED_1_default_default_XC8_compile.dir/home/august/Git/avrkurs/Session3/ADC-OLED.X/oled.c.o
                0x0000000000003800                oled_write_single_command

.text.TWI_load_addr
                0x0000000000003820       0x20
 .text.TWI_load_addr
                0x0000000000003820       0x20 CMakeFiles/Session3_ADC_OLED_1_default_default_XC8_compile.dir/home/august/Git/avrkurs/Session3/ADC-OLED.X/twi.c.o
                0x0000000000003820                TWI_load_addr

.text.libgcc    0x0000000000003840       0x20
 .text.libgcc   0x0000000000003840       0x20 /opt/microchip/xc8/v3.00/avr/bin/../lib/gcc/avr/5.4.0/avrxmega4/memx-const/libgcc.a(_negdi2.o)
                0x0000000000003840                __negdi2

.text.oled_clear_screen
                0x0000000000003860       0x1e
 .text.oled_clear_screen
                0x0000000000003860       0x1e CMakeFiles/Session3_ADC_OLED_1_default_default_XC8_compile.dir/home/august/Git/avrkurs/Session3/ADC-OLED.X/oled.c.o
                0x0000000000003860                oled_clear_screen

.text.libgcc.mul
                0x000000000000387e       0x1e
 .text.libgcc.mul
                0x000000000000387e       0x1e /opt/microchip/xc8/v3.00/avr/bin/../lib/gcc/avr/5.4.0/avrxmega4/memx-const/libgcc.a(_umulhisi3.o)
                0x000000000000387e                __umulhisi3

.text.strcpy    0x000000000000389c       0x1c
 .text.strcpy   0x000000000000389c       0x1c /opt/microchip/xc8/v3.00/avr/bin/../lib/gcc/avr/5.4.0/../../../../avr/lib/avrxmega4/memx-const/libc.a(strcpy.o)
                0x000000000000389c                strcpy

.text.libgcc.div
                0x00000000000038b8       0x1c
 .text.libgcc.div
                0x00000000000038b8       0x1c /opt/microchip/xc8/v3.00/avr/bin/../lib/gcc/avr/5.4.0/avrxmega4/memx-const/libgcc.a(_udivdi3.o)
                0x00000000000038b8                __umoddi3
                0x00000000000038bc                __udivdi3
                0x00000000000038be                __udivdi3_umoddi3

.text.libgcc    0x00000000000038d4       0x18
 .text.libgcc   0x00000000000038d4       0x18 /opt/microchip/xc8/v3.00/avr/bin/../lib/gcc/avr/5.4.0/avrxmega4/memx-const/libgcc.a(_cmpdi2_s8.o)
                0x00000000000038d4                __cmpdi2_s8

.text.exit      0x00000000000038ec       0x16
 .text.exit     0x00000000000038ec       0x16 /opt/microchip/xc8/v3.00/avr/bin/../lib/gcc/avr/5.4.0/../../../../avr/lib/avrxmega4/memx-const/libc.a(exit.o)
                0x00000000000038ec                exit

.text.oled_putchar4
                0x0000000000003902       0x14
 .text.oled_putchar4
                0x0000000000003902       0x14 CMakeFiles/Session3_ADC_OLED_1_default_default_XC8_compile.dir/home/august/Git/avrkurs/Session3/ADC-OLED.X/oled.c.o
                0x0000000000003902                oled_putchar4

.text.oled_putchar5
                0x0000000000003916       0x14
 .text.oled_putchar5
                0x0000000000003916       0x14 CMakeFiles/Session3_ADC_OLED_1_default_default_XC8_compile.dir/home/august/Git/avrkurs/Session3/ADC-OLED.X/oled.c.o
                0x0000000000003916                oled_putchar5

.text.oled_putchar8
                0x000000000000392a       0x14
 .text.oled_putchar8
                0x000000000000392a       0x14 CMakeFiles/Session3_ADC_OLED_1_default_default_XC8_compile.dir/home/august/Git/avrkurs/Session3/ADC-OLED.X/oled.c.o
                0x000000000000392a                oled_putchar8

.text.memset    0x000000000000393e       0x12
 .text.memset   0x000000000000393e       0x12 /opt/microchip/xc8/v3.00/avr/bin/../lib/gcc/avr/5.4.0/../../../../avr/lib/avrxmega4/memx-const/libc.a(memset.o)
                0x000000000000393e                memset

.text.toupper   0x0000000000003950       0x12
 .text.toupper  0x0000000000003950       0x12 /opt/microchip/xc8/v3.00/avr/bin/../lib/gcc/avr/5.4.0/../../../../avr/lib/avrxmega4/memx-const/libc.a(toupper.o)
                0x0000000000003950                toupper

.text.tolower   0x0000000000003962       0x10
 .text.tolower  0x0000000000003962       0x10 /opt/microchip/xc8/v3.00/avr/bin/../lib/gcc/avr/5.4.0/../../../../avr/lib/avrxmega4/memx-const/libc.a(tolower.o)
                0x0000000000003962                tolower

.text.libgcc    0x0000000000003972        0xe
 .text.libgcc   0x0000000000003972        0xe /opt/microchip/xc8/v3.00/avr/bin/../lib/gcc/avr/5.4.0/avrxmega4/memx-const/libgcc.a(_xload_1.o)
                0x0000000000003972                __xload_1

.text           0x0000000000003980        0xe
 .text          0x0000000000003980        0xe /opt/microchip/xc8/v3.00/avr/bin/../lib/gcc/avr/5.4.0/../../../../avr/lib/avrxmega4/memx-const/libm.a(addsf3.o)
                0x0000000000003980                __subsf3
                0x0000000000003982                __addsf3

.text           0x000000000000398e        0xe
 .text          0x000000000000398e        0xe /opt/microchip/xc8/v3.00/avr/bin/../lib/gcc/avr/5.4.0/../../../../avr/lib/avrxmega4/memx-const/libm.a(fixsfsi.o)
                0x000000000000398e                __fixsfsi

.text           0x000000000000399c        0xe
 .text          0x000000000000399c        0xe /opt/microchip/xc8/v3.00/avr/bin/../lib/gcc/avr/5.4.0/../../../../avr/lib/avrxmega4/memx-const/libm.a(fp_pscA.o)
                0x000000000000399c                __fp_pscA

.text           0x00000000000039aa        0xe
 .text          0x00000000000039aa        0xe /opt/microchip/xc8/v3.00/avr/bin/../lib/gcc/avr/5.4.0/../../../../avr/lib/avrxmega4/memx-const/libm.a(fp_pscB.o)
                0x00000000000039aa                __fp_pscB

.text           0x00000000000039b8        0xe
 .text          0x00000000000039b8        0xe /opt/microchip/xc8/v3.00/avr/bin/../lib/gcc/avr/5.4.0/../../../../avr/lib/avrxmega4/memx-const/libm.a(fp_zero.o)
                0x00000000000039b8                __fp_zero
                0x00000000000039ba                __fp_szero

.text           0x00000000000039c6        0xc
 .text          0x00000000000039c6        0xc /opt/microchip/xc8/v3.00/avr/bin/../lib/gcc/avr/5.4.0/../../../../avr/lib/avrxmega4/memx-const/libm.a(fp_inf.o)
                0x00000000000039c6                __fp_inf

.text.oled_pos  0x00000000000039d2        0xa
 .text.oled_pos
                0x00000000000039d2        0xa CMakeFiles/Session3_ADC_OLED_1_default_default_XC8_compile.dir/home/august/Git/avrkurs/Session3/ADC-OLED.X/oled.c.o
                0x00000000000039d2                oled_pos

.text           0x00000000000039dc        0xa
 .text          0x00000000000039dc        0xa /opt/microchip/xc8/v3.00/avr/bin/../lib/gcc/avr/5.4.0/../../../../avr/lib/avrxmega4/memx-const/libm.a(cmpsf2.o)
                0x00000000000039dc                __lesf2
                0x00000000000039dc                __nesf2
                0x00000000000039dc                __eqsf2
                0x00000000000039dc                __cmpsf2
                0x00000000000039dc                __ltsf2

.text           0x00000000000039e6        0xa
 .text          0x00000000000039e6        0xa /opt/microchip/xc8/v3.00/avr/bin/../lib/gcc/avr/5.4.0/../../../../avr/lib/avrxmega4/memx-const/libm.a(gesf2.o)
                0x00000000000039e6                __gtsf2
                0x00000000000039e6                __gesf2

.text.TWI_stop  0x00000000000039f0        0x8
 .text.TWI_stop
                0x00000000000039f0        0x8 CMakeFiles/Session3_ADC_OLED_1_default_default_XC8_compile.dir/home/august/Git/avrkurs/Session3/ADC-OLED.X/twi.c.o
                0x00000000000039f0                TWI_stop

.text           0x00000000000039f8        0x8
 .text          0x00000000000039f8        0x8 /opt/microchip/xc8/v3.00/avr/bin/../lib/gcc/avr/5.4.0/../../../../avr/lib/avrxmega4/memx-const/libm.a(divsf3.o)
                0x00000000000039f8                __divsf3

.text           0x0000000000003a00        0x8
 .text          0x0000000000003a00        0x8 /opt/microchip/xc8/v3.00/avr/bin/../lib/gcc/avr/5.4.0/../../../../avr/lib/avrxmega4/memx-const/libm.a(mulsf3.o)
                0x0000000000003a00                __mulsf3

.text           0x0000000000003a08        0x6
 .text          0x0000000000003a08        0x6 /opt/microchip/xc8/v3.00/avr/bin/../lib/gcc/avr/5.4.0/../../../../avr/lib/avrxmega4/memx-const/libm.a(fp_nan.o)
                0x0000000000003a08                __fp_nan

.text           0x0000000000003a0e        0x4
 .text          0x0000000000003a0e        0x4 /home/august/.mchp_packs/Microchip/AVR-Dx_DFP/2.3.272/xc8/avr/lib/avrxmega4/memx-const/crtavr128db48.o
                0x0000000000003a0e                __vector_38
                0x0000000000003a0e                __vector_22
                0x0000000000003a0e                __vector_28
                0x0000000000003a0e                __vector_1
                0x0000000000003a0e                __vector_32
                0x0000000000003a0e                __vector_34
                0x0000000000003a0e                __vector_24
                0x0000000000003a0e                __vector_12
                0x0000000000003a0e                __vector_55
                0x0000000000003a0e                __vector_46
                0x0000000000003a0e                __bad_interrupt
                0x0000000000003a0e                __vector_6
                0x0000000000003a0e                __vector_31
                0x0000000000003a0e                __vector_35
                0x0000000000003a0e                __vector_39
                0x0000000000003a0e                __vector_3
                0x0000000000003a0e                __vector_23
                0x0000000000003a0e                __vector_30
                0x0000000000003a0e                __vector_45
                0x0000000000003a0e                __vector_25
                0x0000000000003a0e                __vector_11
                0x0000000000003a0e                __vector_54
                0x0000000000003a0e                __vector_13
                0x0000000000003a0e                __vector_17
                0x0000000000003a0e                __vector_19
                0x0000000000003a0e                __vector_56
                0x0000000000003a0e                __vector_7
                0x0000000000003a0e                __vector_49
                0x0000000000003a0e                __vector_41
                0x0000000000003a0e                __vector_43
                0x0000000000003a0e                __vector_27
                0x0000000000003a0e                __vector_5
                0x0000000000003a0e                __vector_33
                0x0000000000003a0e                __vector_47
                0x0000000000003a0e                __vector_52
                0x0000000000003a0e                __vector_37
                0x0000000000003a0e                __vector_4
                0x0000000000003a0e                __vector_44
                0x0000000000003a0e                __vector_51
                0x0000000000003a0e                __vector_9
                0x0000000000003a0e                __vector_2
                0x0000000000003a0e                __vector_21
                0x0000000000003a0e                __vector_15
                0x0000000000003a0e                __vector_36
                0x0000000000003a0e                __vector_58
                0x0000000000003a0e                __vector_29
                0x0000000000003a0e                __vector_60
                0x0000000000003a0e                __vector_40
                0x0000000000003a0e                __vector_8
                0x0000000000003a0e                __vector_26
                0x0000000000003a0e                __vector_48
                0x0000000000003a0e                __vector_14
                0x0000000000003a0e                __vector_57
                0x0000000000003a0e                __vector_53
                0x0000000000003a0e                __vector_10
                0x0000000000003a0e                __vector_50
                0x0000000000003a0e                __vector_16
                0x0000000000003a0e                __vector_59
                0x0000000000003a0e                __vector_18
                0x0000000000003a0e                __vector_20
                0x0000000000003a0e                __vector_42

.text._Exit     0x0000000000003a12        0x4
 .text._Exit    0x0000000000003a12        0x4 /opt/microchip/xc8/v3.00/avr/bin/../lib/gcc/avr/5.4.0/../../../../avr/lib/avrxmega4/memx-const/libc.a(_Exit.o)
                0x0000000000003a12                _Exit

.text.__dummy_fini
                0x0000000000003a16        0x2
 .text.__dummy_fini
                0x0000000000003a16        0x2 /opt/microchip/xc8/v3.00/avr/bin/../lib/gcc/avr/5.4.0/../../../../avr/lib/avrxmega4/memx-const/libc.a(exit.o)
                0x0000000000003a16                _fini

.text.__dummy_funcs_on_exit
                0x0000000000003a18        0x2
 .text.__dummy_funcs_on_exit
                0x0000000000003a18        0x2 /opt/microchip/xc8/v3.00/avr/bin/../lib/gcc/avr/5.4.0/../../../../avr/lib/avrxmega4/memx-const/libc.a(exit.o)
                0x0000000000003a18                __funcs_on_exit

.text.__dummy_simulator_exit
                0x0000000000003a1a        0x2
 .text.__dummy_simulator_exit
                0x0000000000003a1a        0x2 /opt/microchip/xc8/v3.00/avr/bin/../lib/gcc/avr/5.4.0/../../../../avr/lib/avrxmega4/memx-const/libc.a(exit.o)
                0x0000000000003a1a                __simulator_exit

.data.oled_stream_font8
                0x0000000000804402       0x11 load address 0x0000000000003a1c
 .data.oled_stream_font8
                0x0000000000804402       0x11 CMakeFiles/Session3_ADC_OLED_1_default_default_XC8_compile.dir/home/august/Git/avrkurs/Session3/ADC-OLED.X/graphics.c.o

.data.oled_stream_font5
                0x0000000000804413       0x11 load address 0x0000000000003a2d
 .data.oled_stream_font5
                0x0000000000804413       0x11 CMakeFiles/Session3_ADC_OLED_1_default_default_XC8_compile.dir/home/august/Git/avrkurs/Session3/ADC-OLED.X/graphics.c.o

.data.oled_stream_font4
                0x0000000000804424       0x11 load address 0x0000000000003a3e
 .data.oled_stream_font4
                0x0000000000804424       0x11 CMakeFiles/Session3_ADC_OLED_1_default_default_XC8_compile.dir/home/august/Git/avrkurs/Session3/ADC-OLED.X/graphics.c.o

.data.oled_stream_font4
                0x0000000000804435       0x11 load address 0x0000000000003a4f
 .data.oled_stream_font4
                0x0000000000804435       0x11 CMakeFiles/Session3_ADC_OLED_1_default_default_XC8_compile.dir/home/august/Git/avrkurs/Session3/ADC-OLED.X/main.c.o
